{"level":"info","ts":"2025-03-13T08:11:13Z","logger":"setup","msg":"Setting up client for manager"}
{"level":"info","ts":"2025-03-13T08:11:13Z","logger":"setup","msg":"Setting up manager"}
{"level":"info","ts":"2025-03-13T08:11:13Z","logger":"setup","msg":"Registering Components."}
{"level":"info","ts":"2025-03-13T08:11:13Z","logger":"setup","msg":"Setting up KServe v1alpha1 scheme"}
{"level":"info","ts":"2025-03-13T08:11:13Z","logger":"setup","msg":"Setting up KServe v1beta1 scheme"}
{"level":"info","ts":"2025-03-13T08:11:13Z","logger":"setup","msg":"Setting up Knative scheme"}
{"level":"info","ts":"2025-03-13T08:11:13Z","logger":"setup","msg":"Setting up Istio schemes"}
{"level":"info","ts":"2025-03-13T08:11:13Z","logger":"setup","msg":"Setting up gateway api scheme"}
{"level":"info","ts":"2025-03-13T08:11:13Z","logger":"setup","msg":"Setting up core scheme"}
{"level":"info","ts":"2025-03-13T08:11:13Z","logger":"setup","msg":"Setting up v1beta1 controller"}
{"level":"info","ts":"2025-03-13T08:11:13Z","logger":"setup","msg":"Setting up v1beta1 TrainedModel controller"}
{"level":"info","ts":"2025-03-13T08:11:13Z","logger":"setup","msg":"Setting up InferenceGraph controller"}
{"level":"info","ts":"2025-03-13T08:11:13Z","logger":"setup","msg":"setting up webhook server"}
{"level":"info","ts":"2025-03-13T08:11:13Z","logger":"setup","msg":"registering webhooks to the webhook server"}
{"level":"info","ts":"2025-03-13T08:11:13Z","logger":"controller-runtime.webhook","msg":"Registering webhook","path":"/mutate-pods"}
{"level":"info","ts":"2025-03-13T08:11:13Z","logger":"setup","msg":"registering cluster serving runtime validator webhook to the webhook server"}
{"level":"info","ts":"2025-03-13T08:11:13Z","logger":"controller-runtime.webhook","msg":"Registering webhook","path":"/validate-serving-kserve-io-v1alpha1-clusterservingruntime"}
{"level":"info","ts":"2025-03-13T08:11:13Z","logger":"setup","msg":"registering serving runtime validator webhook to the webhook server"}
{"level":"info","ts":"2025-03-13T08:11:13Z","logger":"controller-runtime.webhook","msg":"Registering webhook","path":"/validate-serving-kserve-io-v1alpha1-servingruntime"}
{"level":"info","ts":"2025-03-13T08:11:13Z","logger":"controller-runtime.builder","msg":"Registering a validating webhook","GVK":"serving.kserve.io/v1alpha1, Kind=TrainedModel","path":"/validate-serving-kserve-io-v1alpha1-trainedmodel"}
{"level":"info","ts":"2025-03-13T08:11:13Z","logger":"controller-runtime.webhook","msg":"Registering webhook","path":"/validate-serving-kserve-io-v1alpha1-trainedmodel"}
{"level":"info","ts":"2025-03-13T08:11:13Z","logger":"controller-runtime.builder","msg":"Registering a validating webhook","GVK":"serving.kserve.io/v1alpha1, Kind=InferenceGraph","path":"/validate-serving-kserve-io-v1alpha1-inferencegraph"}
{"level":"info","ts":"2025-03-13T08:11:13Z","logger":"controller-runtime.webhook","msg":"Registering webhook","path":"/validate-serving-kserve-io-v1alpha1-inferencegraph"}
{"level":"info","ts":"2025-03-13T08:11:13Z","logger":"controller-runtime.builder","msg":"Registering a mutating webhook","GVK":"serving.kserve.io/v1beta1, Kind=InferenceService","path":"/mutate-serving-kserve-io-v1beta1-inferenceservice"}
{"level":"info","ts":"2025-03-13T08:11:13Z","logger":"controller-runtime.webhook","msg":"Registering webhook","path":"/mutate-serving-kserve-io-v1beta1-inferenceservice"}
{"level":"info","ts":"2025-03-13T08:11:13Z","logger":"controller-runtime.builder","msg":"Registering a validating webhook","GVK":"serving.kserve.io/v1beta1, Kind=InferenceService","path":"/validate-serving-kserve-io-v1beta1-inferenceservice"}
{"level":"info","ts":"2025-03-13T08:11:13Z","logger":"controller-runtime.webhook","msg":"Registering webhook","path":"/validate-serving-kserve-io-v1beta1-inferenceservice"}
{"level":"info","ts":"2025-03-13T08:11:13Z","logger":"controller-runtime.builder","msg":"Registering a validating webhook","GVK":"serving.kserve.io/v1alpha1, Kind=LocalModelCache","path":"/validate-serving-kserve-io-v1alpha1-localmodelcache"}
{"level":"info","ts":"2025-03-13T08:11:13Z","logger":"controller-runtime.webhook","msg":"Registering webhook","path":"/validate-serving-kserve-io-v1alpha1-localmodelcache"}
{"level":"info","ts":"2025-03-13T08:11:13Z","logger":"setup","msg":"Starting the Cmd."}
{"level":"info","ts":"2025-03-13T08:11:13Z","msg":"starting server","name":"health probe","addr":"[::]:8081"}
I0313 08:11:13.710135       1 leaderelection.go:257] attempting to acquire leader lease kserve/kserve-controller-manager-leader-lock...
{"level":"info","ts":"2025-03-13T08:11:13Z","logger":"controller-runtime.webhook","msg":"Starting webhook server"}
{"level":"info","ts":"2025-03-13T08:11:13Z","logger":"controller-runtime.certwatcher","msg":"Updated current TLS certificate"}
{"level":"info","ts":"2025-03-13T08:11:13Z","logger":"controller-runtime.webhook","msg":"Serving webhook server","host":"","port":9443}
{"level":"info","ts":"2025-03-13T08:11:13Z","logger":"controller-runtime.metrics","msg":"Starting metrics server"}
{"level":"info","ts":"2025-03-13T08:11:13Z","logger":"controller-runtime.certwatcher","msg":"Starting certificate poll+watcher","interval":10}
{"level":"info","ts":"2025-03-13T08:11:13Z","logger":"controller-runtime.metrics","msg":"Serving metrics server","bindAddress":"127.0.0.1:8080","secure":false}
I0313 08:11:32.714773       1 leaderelection.go:271] successfully acquired lease kserve/kserve-controller-manager-leader-lock
{"level":"info","ts":"2025-03-13T08:11:32Z","msg":"Starting EventSource","controller":"inferenceservice","controllerGroup":"serving.kserve.io","controllerKind":"InferenceService","source":"kind source: *v1.Ingress"}
{"level":"info","ts":"2025-03-13T08:11:32Z","msg":"Starting EventSource","controller":"inferenceservice","controllerGroup":"serving.kserve.io","controllerKind":"InferenceService","source":"kind source: *v1.Deployment"}
{"level":"info","ts":"2025-03-13T08:11:32Z","msg":"Starting EventSource","controller":"inferenceservice","controllerGroup":"serving.kserve.io","controllerKind":"InferenceService","source":"kind source: *v1.Service"}
{"level":"info","ts":"2025-03-13T08:11:32Z","msg":"Starting EventSource","controller":"trainedmodel","controllerGroup":"serving.kserve.io","controllerKind":"TrainedModel","source":"kind source: *v1alpha1.TrainedModel"}
{"level":"info","ts":"2025-03-13T08:11:32Z","msg":"Starting EventSource","controller":"inferencegraph","controllerGroup":"serving.kserve.io","controllerKind":"InferenceGraph","source":"kind source: *v1.Service"}
{"level":"info","ts":"2025-03-13T08:11:32Z","msg":"Starting EventSource","controller":"inferenceservice","controllerGroup":"serving.kserve.io","controllerKind":"InferenceService","source":"kind source: *v1beta1.InferenceService"}
{"level":"info","ts":"2025-03-13T08:11:32Z","msg":"Starting EventSource","controller":"inferencegraph","controllerGroup":"serving.kserve.io","controllerKind":"InferenceGraph","source":"kind source: *v1alpha1.InferenceGraph"}
{"level":"info","ts":"2025-03-13T08:11:32Z","msg":"Starting EventSource","controller":"inferencegraph","controllerGroup":"serving.kserve.io","controllerKind":"InferenceGraph","source":"kind source: *v1.Deployment"}
{"level":"info","ts":"2025-03-13T08:11:32Z","msg":"Starting EventSource","controller":"inferenceservice","controllerGroup":"serving.kserve.io","controllerKind":"InferenceService","source":"kind source: *v1beta1.VirtualService"}
{"level":"info","ts":"2025-03-13T08:11:32Z","msg":"Starting Controller","controller":"inferencegraph","controllerGroup":"serving.kserve.io","controllerKind":"InferenceGraph"}
{"level":"info","ts":"2025-03-13T08:11:32Z","msg":"Starting workers","controller":"inferencegraph","controllerGroup":"serving.kserve.io","controllerKind":"InferenceGraph","worker count":1}
{"level":"info","ts":"2025-03-13T08:11:32Z","msg":"Starting Controller","controller":"inferenceservice","controllerGroup":"serving.kserve.io","controllerKind":"InferenceService"}
{"level":"info","ts":"2025-03-13T08:11:32Z","msg":"Starting workers","controller":"inferenceservice","controllerGroup":"serving.kserve.io","controllerKind":"InferenceService","worker count":1}
{"level":"info","ts":"2025-03-13T08:11:32Z","msg":"Starting Controller","controller":"trainedmodel","controllerGroup":"serving.kserve.io","controllerKind":"TrainedModel"}
{"level":"info","ts":"2025-03-13T08:11:32Z","msg":"Starting workers","controller":"trainedmodel","controllerGroup":"serving.kserve.io","controllerKind":"TrainedModel","worker count":1}
{"level":"info","ts":"2025-03-13T08:11:32Z","logger":"v1beta1Controllers.InferenceService","msg":"Inference service deployment mode ","deployment mode ":"Serverless"}
{"level":"info","ts":"2025-03-13T08:11:32Z","logger":"v1beta1Controllers.InferenceService","msg":"Reconciling inference service","apiVersion":"serving.kserve.io/v1beta1","isvc":"flower-sample"}
{"level":"info","ts":"2025-03-13T08:11:32Z","logger":"CaBundleConfigMapReconciler","msg":"Reconciling CaBundleConfigMap","namespace":"knative-operator"}
{"level":"info","ts":"2025-03-13T08:11:33Z","logger":"PredictorReconciler","msg":"Resolved container","container":"&Container{Name:kserve-container,Image:tensorflow/serving:2.6.2,Command:[/usr/bin/tensorflow_model_server],Args:[--model_name=flower-sample --port=9000 --rest_api_port=8080 --model_base_path=/mnt/models --rest_api_timeout_in_ms=60000],WorkingDir:,Ports:[]ContainerPort{},Env:[]EnvVar{},Resources:ResourceRequirements{Limits:ResourceList{cpu: {{1 0} {<nil>} 1 DecimalSI},memory: {{2147483648 0} {<nil>} 2Gi BinarySI},},Requests:ResourceList{cpu: {{1 0} {<nil>} 1 DecimalSI},memory: {{2147483648 0} {<nil>} 2Gi BinarySI},},Claims:[]ResourceClaim{},},VolumeMounts:[]VolumeMount{},LivenessProbe:nil,ReadinessProbe:nil,Lifecycle:nil,TerminationMessagePath:,ImagePullPolicy:,SecurityContext:&SecurityContext{Capabilities:&Capabilities{Add:[],Drop:[ALL],},Privileged:*false,SELinuxOptions:nil,RunAsUser:*1000,RunAsNonRoot:*true,ReadOnlyRootFilesystem:nil,AllowPrivilegeEscalation:*false,RunAsGroup:nil,ProcMount:nil,WindowsOptions:nil,SeccompProfile:nil,AppArmorProfile:nil,},Stdin:false,StdinOnce:false,TTY:false,EnvFrom:[]EnvFromSource{},TerminationMessagePolicy:,VolumeDevices:[]VolumeDevice{},StartupProbe:nil,ResizePolicy:[]ContainerResizePolicy{},RestartPolicy:nil,}","podSpec":{"containers":[{"name":"kserve-container","image":"tensorflow/serving:2.6.2","command":["/usr/bin/tensorflow_model_server"],"args":["--model_name=flower-sample","--port=9000","--rest_api_port=8080","--model_base_path=/mnt/models","--rest_api_timeout_in_ms=60000"],"resources":{"limits":{"cpu":"1","memory":"2Gi"},"requests":{"cpu":"1","memory":"2Gi"}},"securityContext":{"capabilities":{"drop":["ALL"]},"privileged":false,"runAsUser":1000,"runAsNonRoot":true,"allowPrivilegeEscalation":false}}]}}
{"level":"info","ts":"2025-03-13T08:11:33Z","logger":"KsvcReconciler","msg":"revision status:","LatestRolledoutRevision":"","LatestReadyRevision":"","LatestCreatedRevision":"flower-sample-predictor-00001","PreviousRolledoutRevision":"","CanaryTrafficPercent":null}
{"level":"info","ts":"2025-03-13T08:11:33Z","logger":"KsvcReconciler","msg":"Updating knative service","namespace":"knative-operator","name":"flower-sample-predictor"}
{"level":"info","ts":"2025-03-13T08:11:33Z","logger":"KubeAPIWarningLogger","msg":"Kubernetes default value is insecure, Knative may default this to secure in a future release: spec.template.spec.containers[0].securityContext.seccompProfile"}
{"level":"info","ts":"2025-03-13T08:11:33Z","logger":"KsvcReconciler","msg":"knative service configuration diff (-desired, +observed):","diff":""}
{"level":"info","ts":"2025-03-13T08:11:33Z","logger":"KubeAPIWarningLogger","msg":"Kubernetes default value is insecure, Knative may default this to secure in a future release: spec.template.spec.containers[0].securityContext.seccompProfile"}
{"level":"info","ts":"2025-03-13T08:11:33Z","logger":"v1beta1Controllers.InferenceService","msg":"Reconciling ingress for inference service","isvc":"flower-sample"}
{"level":"info","ts":"2025-03-13T09:05:19Z","logger":"inferenceservice-v1beta1-mutating-webhook","msg":"Defaulting InferenceService","namespace":"kserve-test","isvc":{"model":{"modelFormat":{"name":"sklearn"},"storageUri":"gs://kfserving-examples/models/sklearn/1.0/model","name":"","resources":{}}}}
{"level":"info","ts":"2025-03-13T09:05:19Z","logger":"inferenceservice-v1beta1-validation-webhook","msg":"validate create","name":"sklearn-iris"}
{"level":"info","ts":"2025-03-13T09:05:19Z","logger":"v1beta1Controllers.InferenceService","msg":"Inference service deployment mode ","deployment mode ":"Serverless"}
{"level":"info","ts":"2025-03-13T09:05:19Z","logger":"inferenceservice-v1beta1-mutating-webhook","msg":"Defaulting InferenceService","namespace":"kserve-test","isvc":{"model":{"modelFormat":{"name":"sklearn"},"storageUri":"gs://kfserving-examples/models/sklearn/1.0/model","name":"","resources":{}}}}
{"level":"info","ts":"2025-03-13T09:05:19Z","logger":"inferenceservice-v1beta1-validation-webhook","msg":"validate update","name":"sklearn-iris"}
{"level":"info","ts":"2025-03-13T09:05:19Z","logger":"KubeAPIWarningLogger","msg":"metadata.finalizers: \"inferenceservice.finalizers\": prefer a domain-qualified finalizer name to avoid accidental conflicts with other finalizer writers"}
{"level":"info","ts":"2025-03-13T09:05:19Z","logger":"v1beta1Controllers.InferenceService","msg":"Reconciling inference service","apiVersion":"serving.kserve.io/v1beta1","isvc":"sklearn-iris"}
{"level":"info","ts":"2025-03-13T09:05:19Z","logger":"CaBundleConfigMapReconciler","msg":"Reconciling CaBundleConfigMap","namespace":"kserve-test"}
{"level":"info","ts":"2025-03-13T09:05:19Z","logger":"PredictorReconciler","msg":"Resolved container","container":"&Container{Name:kserve-container,Image:kserve/sklearnserver:latest,Command:[],Args:[--model_name=sklearn-iris --model_dir=/mnt/models --http_port=8080],WorkingDir:,Ports:[]ContainerPort{},Env:[]EnvVar{},Resources:ResourceRequirements{Limits:ResourceList{cpu: {{1 0} {<nil>} 1 DecimalSI},memory: {{2147483648 0} {<nil>} 2Gi BinarySI},},Requests:ResourceList{cpu: {{1 0} {<nil>} 1 DecimalSI},memory: {{2147483648 0} {<nil>} 2Gi BinarySI},},Claims:[]ResourceClaim{},},VolumeMounts:[]VolumeMount{},LivenessProbe:nil,ReadinessProbe:nil,Lifecycle:nil,TerminationMessagePath:,ImagePullPolicy:,SecurityContext:&SecurityContext{Capabilities:&Capabilities{Add:[],Drop:[ALL],},Privileged:*false,SELinuxOptions:nil,RunAsUser:nil,RunAsNonRoot:*true,ReadOnlyRootFilesystem:nil,AllowPrivilegeEscalation:*false,RunAsGroup:nil,ProcMount:nil,WindowsOptions:nil,SeccompProfile:nil,AppArmorProfile:nil,},Stdin:false,StdinOnce:false,TTY:false,EnvFrom:[]EnvFromSource{},TerminationMessagePolicy:,VolumeDevices:[]VolumeDevice{},StartupProbe:nil,ResizePolicy:[]ContainerResizePolicy{},RestartPolicy:nil,}","podSpec":{"containers":[{"name":"kserve-container","image":"kserve/sklearnserver:latest","args":["--model_name=sklearn-iris","--model_dir=/mnt/models","--http_port=8080"],"resources":{"limits":{"cpu":"1","memory":"2Gi"},"requests":{"cpu":"1","memory":"2Gi"}},"securityContext":{"capabilities":{"drop":["ALL"]},"privileged":false,"runAsNonRoot":true,"allowPrivilegeEscalation":false}}]}}
{"level":"info","ts":"2025-03-13T09:05:19Z","logger":"KsvcReconciler","msg":"revision status:","LatestRolledoutRevision":"","LatestReadyRevision":"","LatestCreatedRevision":"","PreviousRolledoutRevision":"","CanaryTrafficPercent":null}
{"level":"info","ts":"2025-03-13T09:05:19Z","logger":"KsvcReconciler","msg":"Updating knative service","namespace":"kserve-test","name":"sklearn-iris-predictor"}
{"level":"info","ts":"2025-03-13T09:05:19Z","logger":"KsvcReconciler","msg":"Creating knative service","namespace":"kserve-test","name":"sklearn-iris-predictor"}
{"level":"info","ts":"2025-03-13T09:05:19Z","logger":"KubeAPIWarningLogger","msg":"Kubernetes default value is insecure, Knative may default this to secure in a future release: spec.template.spec.containers[0].securityContext.seccompProfile"}
{"level":"info","ts":"2025-03-13T09:05:19Z","logger":"v1beta1Controllers.InferenceService","msg":"Reconciling ingress for inference service","isvc":"sklearn-iris"}
{"level":"info","ts":"2025-03-13T09:05:19Z","logger":"v1beta1Controllers.InferenceService","msg":"Inference service deployment mode ","deployment mode ":"Serverless"}
{"level":"info","ts":"2025-03-13T09:05:19Z","logger":"v1beta1Controllers.InferenceService","msg":"Reconciling inference service","apiVersion":"serving.kserve.io/v1beta1","isvc":"sklearn-iris"}
{"level":"info","ts":"2025-03-13T09:05:19Z","logger":"CaBundleConfigMapReconciler","msg":"Reconciling CaBundleConfigMap","namespace":"kserve-test"}
{"level":"info","ts":"2025-03-13T09:05:19Z","logger":"PredictorReconciler","msg":"Resolved container","container":"&Container{Name:kserve-container,Image:kserve/sklearnserver:latest,Command:[],Args:[--model_name=sklearn-iris --model_dir=/mnt/models --http_port=8080],WorkingDir:,Ports:[]ContainerPort{},Env:[]EnvVar{},Resources:ResourceRequirements{Limits:ResourceList{cpu: {{1 0} {<nil>} 1 DecimalSI},memory: {{2147483648 0} {<nil>} 2Gi BinarySI},},Requests:ResourceList{cpu: {{1 0} {<nil>} 1 DecimalSI},memory: {{2147483648 0} {<nil>} 2Gi BinarySI},},Claims:[]ResourceClaim{},},VolumeMounts:[]VolumeMount{},LivenessProbe:nil,ReadinessProbe:nil,Lifecycle:nil,TerminationMessagePath:,ImagePullPolicy:,SecurityContext:&SecurityContext{Capabilities:&Capabilities{Add:[],Drop:[ALL],},Privileged:*false,SELinuxOptions:nil,RunAsUser:nil,RunAsNonRoot:*true,ReadOnlyRootFilesystem:nil,AllowPrivilegeEscalation:*false,RunAsGroup:nil,ProcMount:nil,WindowsOptions:nil,SeccompProfile:nil,AppArmorProfile:nil,},Stdin:false,StdinOnce:false,TTY:false,EnvFrom:[]EnvFromSource{},TerminationMessagePolicy:,VolumeDevices:[]VolumeDevice{},StartupProbe:nil,ResizePolicy:[]ContainerResizePolicy{},RestartPolicy:nil,}","podSpec":{"containers":[{"name":"kserve-container","image":"kserve/sklearnserver:latest","args":["--model_name=sklearn-iris","--model_dir=/mnt/models","--http_port=8080"],"resources":{"limits":{"cpu":"1","memory":"2Gi"},"requests":{"cpu":"1","memory":"2Gi"}},"securityContext":{"capabilities":{"drop":["ALL"]},"privileged":false,"runAsNonRoot":true,"allowPrivilegeEscalation":false}}]}}
{"level":"info","ts":"2025-03-13T09:05:19Z","logger":"KsvcReconciler","msg":"revision status:","LatestRolledoutRevision":"","LatestReadyRevision":"","LatestCreatedRevision":"","PreviousRolledoutRevision":"","CanaryTrafficPercent":null}
{"level":"info","ts":"2025-03-13T09:05:19Z","logger":"KsvcReconciler","msg":"Updating knative service","namespace":"kserve-test","name":"sklearn-iris-predictor"}
{"level":"info","ts":"2025-03-13T09:05:19Z","logger":"KubeAPIWarningLogger","msg":"Kubernetes default value is insecure, Knative may default this to secure in a future release: spec.template.spec.containers[0].securityContext.seccompProfile"}
{"level":"info","ts":"2025-03-13T09:05:19Z","logger":"KsvcReconciler","msg":"knative service configuration diff (-desired, +observed):","diff":""}
{"level":"info","ts":"2025-03-13T09:05:19Z","logger":"KubeAPIWarningLogger","msg":"Kubernetes default value is insecure, Knative may default this to secure in a future release: spec.template.spec.containers[0].securityContext.seccompProfile"}
{"level":"info","ts":"2025-03-13T09:05:19Z","logger":"v1beta1Controllers.InferenceService","msg":"Reconciling ingress for inference service","isvc":"sklearn-iris"}
{"level":"info","ts":"2025-03-13T09:05:19Z","logger":"v1beta1Controllers.InferenceService","msg":"Inference service deployment mode ","deployment mode ":"Serverless"}
{"level":"info","ts":"2025-03-13T09:05:19Z","logger":"v1beta1Controllers.InferenceService","msg":"Reconciling inference service","apiVersion":"serving.kserve.io/v1beta1","isvc":"sklearn-iris"}
{"level":"info","ts":"2025-03-13T09:05:19Z","logger":"CaBundleConfigMapReconciler","msg":"Reconciling CaBundleConfigMap","namespace":"kserve-test"}
{"level":"info","ts":"2025-03-13T09:05:19Z","logger":"PredictorReconciler","msg":"Resolved container","container":"&Container{Name:kserve-container,Image:kserve/sklearnserver:latest,Command:[],Args:[--model_name=sklearn-iris --model_dir=/mnt/models --http_port=8080],WorkingDir:,Ports:[]ContainerPort{},Env:[]EnvVar{},Resources:ResourceRequirements{Limits:ResourceList{cpu: {{1 0} {<nil>} 1 DecimalSI},memory: {{2147483648 0} {<nil>} 2Gi BinarySI},},Requests:ResourceList{cpu: {{1 0} {<nil>} 1 DecimalSI},memory: {{2147483648 0} {<nil>} 2Gi BinarySI},},Claims:[]ResourceClaim{},},VolumeMounts:[]VolumeMount{},LivenessProbe:nil,ReadinessProbe:nil,Lifecycle:nil,TerminationMessagePath:,ImagePullPolicy:,SecurityContext:&SecurityContext{Capabilities:&Capabilities{Add:[],Drop:[ALL],},Privileged:*false,SELinuxOptions:nil,RunAsUser:nil,RunAsNonRoot:*true,ReadOnlyRootFilesystem:nil,AllowPrivilegeEscalation:*false,RunAsGroup:nil,ProcMount:nil,WindowsOptions:nil,SeccompProfile:nil,AppArmorProfile:nil,},Stdin:false,StdinOnce:false,TTY:false,EnvFrom:[]EnvFromSource{},TerminationMessagePolicy:,VolumeDevices:[]VolumeDevice{},StartupProbe:nil,ResizePolicy:[]ContainerResizePolicy{},RestartPolicy:nil,}","podSpec":{"containers":[{"name":"kserve-container","image":"kserve/sklearnserver:latest","args":["--model_name=sklearn-iris","--model_dir=/mnt/models","--http_port=8080"],"resources":{"limits":{"cpu":"1","memory":"2Gi"},"requests":{"cpu":"1","memory":"2Gi"}},"securityContext":{"capabilities":{"drop":["ALL"]},"privileged":false,"runAsNonRoot":true,"allowPrivilegeEscalation":false}}]}}
{"level":"info","ts":"2025-03-13T09:05:19Z","logger":"KsvcReconciler","msg":"revision status:","LatestRolledoutRevision":"","LatestReadyRevision":"","LatestCreatedRevision":"","PreviousRolledoutRevision":"","CanaryTrafficPercent":null}
{"level":"info","ts":"2025-03-13T09:05:19Z","logger":"KsvcReconciler","msg":"Updating knative service","namespace":"kserve-test","name":"sklearn-iris-predictor"}
{"level":"info","ts":"2025-03-13T09:05:19Z","logger":"KsvcReconciler","msg":"Updating knative service","namespace":"kserve-test","name":"sklearn-iris-predictor"}
{"level":"info","ts":"2025-03-13T09:05:19Z","logger":"KubeAPIWarningLogger","msg":"Kubernetes default value is insecure, Knative may default this to secure in a future release: spec.template.spec.containers[0].securityContext.seccompProfile"}
{"level":"info","ts":"2025-03-13T09:05:19Z","logger":"KsvcReconciler","msg":"knative service configuration diff (-desired, +observed):","diff":""}
{"level":"info","ts":"2025-03-13T09:05:19Z","logger":"KubeAPIWarningLogger","msg":"Kubernetes default value is insecure, Knative may default this to secure in a future release: spec.template.spec.containers[0].securityContext.seccompProfile"}
{"level":"info","ts":"2025-03-13T09:05:19Z","logger":"v1beta1Controllers.InferenceService","msg":"Reconciling ingress for inference service","isvc":"sklearn-iris"}
{"level":"info","ts":"2025-03-13T09:05:19Z","logger":"v1beta1Controllers.InferenceService","msg":"Inference service deployment mode ","deployment mode ":"Serverless"}
{"level":"info","ts":"2025-03-13T09:05:19Z","logger":"v1beta1Controllers.InferenceService","msg":"Reconciling inference service","apiVersion":"serving.kserve.io/v1beta1","isvc":"sklearn-iris"}
{"level":"info","ts":"2025-03-13T09:05:19Z","logger":"CaBundleConfigMapReconciler","msg":"Reconciling CaBundleConfigMap","namespace":"kserve-test"}
{"level":"info","ts":"2025-03-13T09:05:19Z","logger":"PredictorReconciler","msg":"Resolved container","container":"&Container{Name:kserve-container,Image:kserve/sklearnserver:latest,Command:[],Args:[--model_name=sklearn-iris --model_dir=/mnt/models --http_port=8080],WorkingDir:,Ports:[]ContainerPort{},Env:[]EnvVar{},Resources:ResourceRequirements{Limits:ResourceList{cpu: {{1 0} {<nil>} 1 DecimalSI},memory: {{2147483648 0} {<nil>} 2Gi BinarySI},},Requests:ResourceList{cpu: {{1 0} {<nil>} 1 DecimalSI},memory: {{2147483648 0} {<nil>} 2Gi BinarySI},},Claims:[]ResourceClaim{},},VolumeMounts:[]VolumeMount{},LivenessProbe:nil,ReadinessProbe:nil,Lifecycle:nil,TerminationMessagePath:,ImagePullPolicy:,SecurityContext:&SecurityContext{Capabilities:&Capabilities{Add:[],Drop:[ALL],},Privileged:*false,SELinuxOptions:nil,RunAsUser:nil,RunAsNonRoot:*true,ReadOnlyRootFilesystem:nil,AllowPrivilegeEscalation:*false,RunAsGroup:nil,ProcMount:nil,WindowsOptions:nil,SeccompProfile:nil,AppArmorProfile:nil,},Stdin:false,StdinOnce:false,TTY:false,EnvFrom:[]EnvFromSource{},TerminationMessagePolicy:,VolumeDevices:[]VolumeDevice{},StartupProbe:nil,ResizePolicy:[]ContainerResizePolicy{},RestartPolicy:nil,}","podSpec":{"containers":[{"name":"kserve-container","image":"kserve/sklearnserver:latest","args":["--model_name=sklearn-iris","--model_dir=/mnt/models","--http_port=8080"],"resources":{"limits":{"cpu":"1","memory":"2Gi"},"requests":{"cpu":"1","memory":"2Gi"}},"securityContext":{"capabilities":{"drop":["ALL"]},"privileged":false,"runAsNonRoot":true,"allowPrivilegeEscalation":false}}]}}
{"level":"info","ts":"2025-03-13T09:05:19Z","logger":"KsvcReconciler","msg":"revision status:","LatestRolledoutRevision":"","LatestReadyRevision":"","LatestCreatedRevision":"sklearn-iris-predictor-00001","PreviousRolledoutRevision":"","CanaryTrafficPercent":null}
{"level":"info","ts":"2025-03-13T09:05:19Z","logger":"KsvcReconciler","msg":"Updating knative service","namespace":"kserve-test","name":"sklearn-iris-predictor"}
{"level":"info","ts":"2025-03-13T09:05:19Z","logger":"KubeAPIWarningLogger","msg":"Kubernetes default value is insecure, Knative may default this to secure in a future release: spec.template.spec.containers[0].securityContext.seccompProfile"}
{"level":"info","ts":"2025-03-13T09:05:19Z","logger":"KsvcReconciler","msg":"knative service configuration diff (-desired, +observed):","diff":""}
{"level":"info","ts":"2025-03-13T09:05:19Z","logger":"KubeAPIWarningLogger","msg":"Kubernetes default value is insecure, Knative may default this to secure in a future release: spec.template.spec.containers[0].securityContext.seccompProfile"}
{"level":"info","ts":"2025-03-13T09:05:19Z","logger":"v1beta1Controllers.InferenceService","msg":"Reconciling ingress for inference service","isvc":"sklearn-iris"}
{"level":"info","ts":"2025-03-13T09:05:32Z","logger":"v1beta1Controllers.InferenceService","msg":"Inference service deployment mode ","deployment mode ":"Serverless"}
{"level":"info","ts":"2025-03-13T09:05:32Z","logger":"v1beta1Controllers.InferenceService","msg":"Reconciling inference service","apiVersion":"serving.kserve.io/v1beta1","isvc":"sklearn-iris"}
{"level":"info","ts":"2025-03-13T09:05:32Z","logger":"CaBundleConfigMapReconciler","msg":"Reconciling CaBundleConfigMap","namespace":"kserve-test"}
{"level":"info","ts":"2025-03-13T09:05:32Z","logger":"PredictorReconciler","msg":"Resolved container","container":"&Container{Name:kserve-container,Image:kserve/sklearnserver:latest,Command:[],Args:[--model_name=sklearn-iris --model_dir=/mnt/models --http_port=8080],WorkingDir:,Ports:[]ContainerPort{},Env:[]EnvVar{},Resources:ResourceRequirements{Limits:ResourceList{cpu: {{1 0} {<nil>} 1 DecimalSI},memory: {{2147483648 0} {<nil>} 2Gi BinarySI},},Requests:ResourceList{cpu: {{1 0} {<nil>} 1 DecimalSI},memory: {{2147483648 0} {<nil>} 2Gi BinarySI},},Claims:[]ResourceClaim{},},VolumeMounts:[]VolumeMount{},LivenessProbe:nil,ReadinessProbe:nil,Lifecycle:nil,TerminationMessagePath:,ImagePullPolicy:,SecurityContext:&SecurityContext{Capabilities:&Capabilities{Add:[],Drop:[ALL],},Privileged:*false,SELinuxOptions:nil,RunAsUser:nil,RunAsNonRoot:*true,ReadOnlyRootFilesystem:nil,AllowPrivilegeEscalation:*false,RunAsGroup:nil,ProcMount:nil,WindowsOptions:nil,SeccompProfile:nil,AppArmorProfile:nil,},Stdin:false,StdinOnce:false,TTY:false,EnvFrom:[]EnvFromSource{},TerminationMessagePolicy:,VolumeDevices:[]VolumeDevice{},StartupProbe:nil,ResizePolicy:[]ContainerResizePolicy{},RestartPolicy:nil,}","podSpec":{"containers":[{"name":"kserve-container","image":"kserve/sklearnserver:latest","args":["--model_name=sklearn-iris","--model_dir=/mnt/models","--http_port=8080"],"resources":{"limits":{"cpu":"1","memory":"2Gi"},"requests":{"cpu":"1","memory":"2Gi"}},"securityContext":{"capabilities":{"drop":["ALL"]},"privileged":false,"runAsNonRoot":true,"allowPrivilegeEscalation":false}}]}}
{"level":"info","ts":"2025-03-13T09:05:32Z","logger":"KsvcReconciler","msg":"revision status:","LatestRolledoutRevision":"","LatestReadyRevision":"","LatestCreatedRevision":"sklearn-iris-predictor-00001","PreviousRolledoutRevision":"","CanaryTrafficPercent":null}
{"level":"info","ts":"2025-03-13T09:05:32Z","logger":"KsvcReconciler","msg":"Updating knative service","namespace":"kserve-test","name":"sklearn-iris-predictor"}
{"level":"info","ts":"2025-03-13T09:05:32Z","logger":"KubeAPIWarningLogger","msg":"Kubernetes default value is insecure, Knative may default this to secure in a future release: spec.template.spec.containers[0].securityContext.seccompProfile"}
{"level":"info","ts":"2025-03-13T09:05:32Z","logger":"KsvcReconciler","msg":"knative service configuration diff (-desired, +observed):","diff":""}
{"level":"info","ts":"2025-03-13T09:05:32Z","logger":"KsvcReconciler","msg":"Updating knative service","namespace":"kserve-test","name":"sklearn-iris-predictor"}
{"level":"info","ts":"2025-03-13T09:05:32Z","logger":"KubeAPIWarningLogger","msg":"Kubernetes default value is insecure, Knative may default this to secure in a future release: spec.template.spec.containers[0].securityContext.seccompProfile"}
{"level":"info","ts":"2025-03-13T09:05:32Z","logger":"KubeAPIWarningLogger","msg":"Kubernetes default value is insecure, Knative may default this to secure in a future release: spec.template.spec.containers[0].securityContext.seccompProfile"}
{"level":"info","ts":"2025-03-13T09:05:32Z","logger":"v1beta1Controllers.InferenceService","msg":"Reconciling ingress for inference service","isvc":"sklearn-iris"}
{"level":"info","ts":"2025-03-13T09:05:32Z","logger":"v1beta1Controllers.InferenceService","msg":"Inference service deployment mode ","deployment mode ":"Serverless"}
{"level":"info","ts":"2025-03-13T09:05:32Z","logger":"v1beta1Controllers.InferenceService","msg":"Reconciling inference service","apiVersion":"serving.kserve.io/v1beta1","isvc":"sklearn-iris"}
{"level":"info","ts":"2025-03-13T09:05:32Z","logger":"CaBundleConfigMapReconciler","msg":"Reconciling CaBundleConfigMap","namespace":"kserve-test"}
{"level":"info","ts":"2025-03-13T09:05:32Z","logger":"PredictorReconciler","msg":"Resolved container","container":"&Container{Name:kserve-container,Image:kserve/sklearnserver:latest,Command:[],Args:[--model_name=sklearn-iris --model_dir=/mnt/models --http_port=8080],WorkingDir:,Ports:[]ContainerPort{},Env:[]EnvVar{},Resources:ResourceRequirements{Limits:ResourceList{cpu: {{1 0} {<nil>} 1 DecimalSI},memory: {{2147483648 0} {<nil>} 2Gi BinarySI},},Requests:ResourceList{cpu: {{1 0} {<nil>} 1 DecimalSI},memory: {{2147483648 0} {<nil>} 2Gi BinarySI},},Claims:[]ResourceClaim{},},VolumeMounts:[]VolumeMount{},LivenessProbe:nil,ReadinessProbe:nil,Lifecycle:nil,TerminationMessagePath:,ImagePullPolicy:,SecurityContext:&SecurityContext{Capabilities:&Capabilities{Add:[],Drop:[ALL],},Privileged:*false,SELinuxOptions:nil,RunAsUser:nil,RunAsNonRoot:*true,ReadOnlyRootFilesystem:nil,AllowPrivilegeEscalation:*false,RunAsGroup:nil,ProcMount:nil,WindowsOptions:nil,SeccompProfile:nil,AppArmorProfile:nil,},Stdin:false,StdinOnce:false,TTY:false,EnvFrom:[]EnvFromSource{},TerminationMessagePolicy:,VolumeDevices:[]VolumeDevice{},StartupProbe:nil,ResizePolicy:[]ContainerResizePolicy{},RestartPolicy:nil,}","podSpec":{"containers":[{"name":"kserve-container","image":"kserve/sklearnserver:latest","args":["--model_name=sklearn-iris","--model_dir=/mnt/models","--http_port=8080"],"resources":{"limits":{"cpu":"1","memory":"2Gi"},"requests":{"cpu":"1","memory":"2Gi"}},"securityContext":{"capabilities":{"drop":["ALL"]},"privileged":false,"runAsNonRoot":true,"allowPrivilegeEscalation":false}}]}}
{"level":"info","ts":"2025-03-13T09:05:32Z","logger":"KsvcReconciler","msg":"revision status:","LatestRolledoutRevision":"","LatestReadyRevision":"","LatestCreatedRevision":"sklearn-iris-predictor-00001","PreviousRolledoutRevision":"","CanaryTrafficPercent":null}
{"level":"info","ts":"2025-03-13T09:05:32Z","logger":"KsvcReconciler","msg":"Updating knative service","namespace":"kserve-test","name":"sklearn-iris-predictor"}
{"level":"info","ts":"2025-03-13T09:05:32Z","logger":"KubeAPIWarningLogger","msg":"Kubernetes default value is insecure, Knative may default this to secure in a future release: spec.template.spec.containers[0].securityContext.seccompProfile"}
{"level":"info","ts":"2025-03-13T09:05:32Z","logger":"KsvcReconciler","msg":"knative service configuration diff (-desired, +observed):","diff":""}
{"level":"info","ts":"2025-03-13T09:05:32Z","logger":"KubeAPIWarningLogger","msg":"Kubernetes default value is insecure, Knative may default this to secure in a future release: spec.template.spec.containers[0].securityContext.seccompProfile"}
{"level":"info","ts":"2025-03-13T09:05:32Z","logger":"v1beta1Controllers.InferenceService","msg":"Reconciling ingress for inference service","isvc":"sklearn-iris"}
{"level":"info","ts":"2025-03-13T09:05:32Z","logger":"v1beta1Controllers.InferenceService","msg":"Inference service deployment mode ","deployment mode ":"Serverless"}
{"level":"info","ts":"2025-03-13T09:05:32Z","logger":"v1beta1Controllers.InferenceService","msg":"Reconciling inference service","apiVersion":"serving.kserve.io/v1beta1","isvc":"sklearn-iris"}
{"level":"info","ts":"2025-03-13T09:05:32Z","logger":"CaBundleConfigMapReconciler","msg":"Reconciling CaBundleConfigMap","namespace":"kserve-test"}
{"level":"info","ts":"2025-03-13T09:05:32Z","logger":"PredictorReconciler","msg":"Resolved container","container":"&Container{Name:kserve-container,Image:kserve/sklearnserver:latest,Command:[],Args:[--model_name=sklearn-iris --model_dir=/mnt/models --http_port=8080],WorkingDir:,Ports:[]ContainerPort{},Env:[]EnvVar{},Resources:ResourceRequirements{Limits:ResourceList{cpu: {{1 0} {<nil>} 1 DecimalSI},memory: {{2147483648 0} {<nil>} 2Gi BinarySI},},Requests:ResourceList{cpu: {{1 0} {<nil>} 1 DecimalSI},memory: {{2147483648 0} {<nil>} 2Gi BinarySI},},Claims:[]ResourceClaim{},},VolumeMounts:[]VolumeMount{},LivenessProbe:nil,ReadinessProbe:nil,Lifecycle:nil,TerminationMessagePath:,ImagePullPolicy:,SecurityContext:&SecurityContext{Capabilities:&Capabilities{Add:[],Drop:[ALL],},Privileged:*false,SELinuxOptions:nil,RunAsUser:nil,RunAsNonRoot:*true,ReadOnlyRootFilesystem:nil,AllowPrivilegeEscalation:*false,RunAsGroup:nil,ProcMount:nil,WindowsOptions:nil,SeccompProfile:nil,AppArmorProfile:nil,},Stdin:false,StdinOnce:false,TTY:false,EnvFrom:[]EnvFromSource{},TerminationMessagePolicy:,VolumeDevices:[]VolumeDevice{},StartupProbe:nil,ResizePolicy:[]ContainerResizePolicy{},RestartPolicy:nil,}","podSpec":{"containers":[{"name":"kserve-container","image":"kserve/sklearnserver:latest","args":["--model_name=sklearn-iris","--model_dir=/mnt/models","--http_port=8080"],"resources":{"limits":{"cpu":"1","memory":"2Gi"},"requests":{"cpu":"1","memory":"2Gi"}},"securityContext":{"capabilities":{"drop":["ALL"]},"privileged":false,"runAsNonRoot":true,"allowPrivilegeEscalation":false}}]}}
{"level":"info","ts":"2025-03-13T09:05:32Z","logger":"KsvcReconciler","msg":"revision status:","LatestRolledoutRevision":"","LatestReadyRevision":"","LatestCreatedRevision":"sklearn-iris-predictor-00001","PreviousRolledoutRevision":"","CanaryTrafficPercent":null}
{"level":"info","ts":"2025-03-13T09:05:32Z","logger":"KsvcReconciler","msg":"Updating knative service","namespace":"kserve-test","name":"sklearn-iris-predictor"}
{"level":"info","ts":"2025-03-13T09:05:32Z","logger":"KubeAPIWarningLogger","msg":"Kubernetes default value is insecure, Knative may default this to secure in a future release: spec.template.spec.containers[0].securityContext.seccompProfile"}
{"level":"info","ts":"2025-03-13T09:05:32Z","logger":"KsvcReconciler","msg":"knative service configuration diff (-desired, +observed):","diff":""}
{"level":"info","ts":"2025-03-13T09:05:32Z","logger":"KubeAPIWarningLogger","msg":"Kubernetes default value is insecure, Knative may default this to secure in a future release: spec.template.spec.containers[0].securityContext.seccompProfile"}
{"level":"info","ts":"2025-03-13T09:05:32Z","logger":"v1beta1Controllers.InferenceService","msg":"Reconciling ingress for inference service","isvc":"sklearn-iris"}
